Assuming unrestricted shared filesystem usage.
host: Sreejas-MacBook-Air-3.local
Building DAG of jobs...
Using shell: /bin/bash
Provided cores: 1 (use --cores to define parallelism)
Rules claiming more threads will be scaled down.
Job stats:
job            count
-----------  -------
extract_aqi        1
merge              1
all                1
total              3

Select jobs to execute...
Execute 1 jobs...
[Tue May  5 00:43:02 2026]
localrule extract_aqi:
    input: annual_aqi_by_cbsa_2024.zip
    output: annual_aqi_by_cbsa_2024.csv
    jobid: 2
    reason: Updated input files: annual_aqi_by_cbsa_2024.zip
    resources: tmpdir=/var/folders/py/yhh4x__x569fvjmc099x_25m0000gn/T
[Tue May  5 00:43:02 2026]
Finished jobid: 2 (Rule: extract_aqi)
1 of 3 steps (33%) done
Select jobs to execute...
Execute 1 jobs...
[Tue May  5 00:43:02 2026]
localrule merge:
    input: annual_aqi_by_cbsa_2024.csv, crime_cleaned.csv
    output: merged_aqi_crime.csv
    jobid: 1
    reason: Missing output files: merged_aqi_crime.csv; Input files updated by another job: annual_aqi_by_cbsa_2024.csv
    resources: tmpdir=/var/folders/py/yhh4x__x569fvjmc099x_25m0000gn/T
[Tue May  5 00:43:03 2026]
Finished jobid: 1 (Rule: merge)
2 of 3 steps (67%) done
Select jobs to execute...
Execute 1 jobs...
[Tue May  5 00:43:03 2026]
localrule all:
    input: merged_aqi_crime.csv
    jobid: 0
    reason: Input files updated by another job: merged_aqi_crime.csv
    resources: tmpdir=/var/folders/py/yhh4x__x569fvjmc099x_25m0000gn/T
[Tue May  5 00:43:03 2026]
Finished jobid: 0 (Rule: all)
3 of 3 steps (100%) done
Complete log(s): /Users/sreejanallamala/Downloads/IS477---Project/.snakemake/log/2026-05-05T004259.661636.snakemake.log
