Assuming unrestricted shared filesystem usage.
host: Sreejas-MacBook-Air-3.local
Building DAG of jobs...
Using shell: /bin/bash
Provided cores: 1 (use --cores to define parallelism)
Rules claiming more threads will be scaled down.
Job stats:
job             count
------------  -------
clean_crime         1
download_aqi        1
extract_aqi         1
merge               1
verify              1
analyze             1
all                 1
total               7

Select jobs to execute...
Execute 1 jobs...
[Tue May  5 21:04:04 2026]
localrule clean_crime:
    input: CIUS_Table_8_Offenses_Known_to_Law_Enforcement_by_State_by_City_2024.xlsx
    output: crime_cleaned.csv
    jobid: 4
    reason: Forced execution
    resources: tmpdir=/var/folders/py/yhh4x__x569fvjmc099x_25m0000gn/T
Select jobs to execute...
[Tue May  5 21:04:06 2026]
Finished jobid: 4 (Rule: clean_crime)
1 of 7 steps (14%) done
Execute 1 jobs...
[Tue May  5 21:04:06 2026]
localrule download_aqi:
    output: annual_aqi_by_cbsa_2024.zip
    jobid: 3
    reason: Forced execution
    resources: tmpdir=/var/folders/py/yhh4x__x569fvjmc099x_25m0000gn/T
[Tue May  5 21:04:06 2026]
Finished jobid: 3 (Rule: download_aqi)
2 of 7 steps (29%) done
Select jobs to execute...
Execute 1 jobs...
[Tue May  5 21:04:06 2026]
localrule extract_aqi:
    input: annual_aqi_by_cbsa_2024.zip
    output: annual_aqi_by_cbsa_2024.csv
    jobid: 2
    reason: Forced execution
    resources: tmpdir=/var/folders/py/yhh4x__x569fvjmc099x_25m0000gn/T
[Tue May  5 21:04:06 2026]
Finished jobid: 2 (Rule: extract_aqi)
3 of 7 steps (43%) done
Select jobs to execute...
Execute 1 jobs...
[Tue May  5 21:04:06 2026]
localrule verify:
    input: annual_aqi_by_cbsa_2024.csv, crime_cleaned.csv
    output: checksums_verified.txt
    jobid: 5
    reason: Forced execution
    resources: tmpdir=/var/folders/py/yhh4x__x569fvjmc099x_25m0000gn/T
[Tue May  5 21:04:07 2026]
Finished jobid: 5 (Rule: verify)
4 of 7 steps (57%) done
Select jobs to execute...
Execute 1 jobs...
[Tue May  5 21:04:07 2026]
localrule merge:
    input: annual_aqi_by_cbsa_2024.csv, crime_cleaned.csv
    output: merged_aqi_crime.csv
    jobid: 1
    reason: Forced execution
    resources: tmpdir=/var/folders/py/yhh4x__x569fvjmc099x_25m0000gn/T
[Tue May  5 21:04:07 2026]
Finished jobid: 1 (Rule: merge)
5 of 7 steps (71%) done
Select jobs to execute...
Execute 1 jobs...
[Tue May  5 21:04:07 2026]
localrule analyze:
    input: merged_aqi_crime.csv
    output: analysis_output.txt, plot1_aqi_violent.png, plot2_aqi_property.png, plot3_quartiles.png, plot4_boxplot.png
    jobid: 6
    reason: Forced execution
    resources: tmpdir=/var/folders/py/yhh4x__x569fvjmc099x_25m0000gn/T
[Tue May  5 21:04:08 2026]
Finished jobid: 6 (Rule: analyze)
6 of 7 steps (86%) done
Select jobs to execute...
Execute 1 jobs...
[Tue May  5 21:04:08 2026]
localrule all:
    input: merged_aqi_crime.csv, checksums_verified.txt, analysis_output.txt
    jobid: 0
    reason: Forced execution
    resources: tmpdir=/var/folders/py/yhh4x__x569fvjmc099x_25m0000gn/T
[Tue May  5 21:04:08 2026]
Finished jobid: 0 (Rule: all)
7 of 7 steps (100%) done
Complete log(s): /Users/sreejanallamala/Downloads/IS477---Project/.snakemake/log/2026-05-05T210402.478034.snakemake.log
