Assuming unrestricted shared filesystem usage.
host: Sreejas-MacBook-Air-3.local
Building DAG of jobs...
Using shell: /bin/bash
Provided cores: 1 (use --cores to define parallelism)
Rules claiming more threads will be scaled down.
Job stats:
job             count
------------  -------
download_aqi        1
extract_aqi         1
merge               1
verify              1
analyze             1
all                 1
total               6

Select jobs to execute...
Execute 1 jobs...
[Tue May  5 01:12:00 2026]
localrule download_aqi:
    output: annual_aqi_by_cbsa_2024.zip
    jobid: 3
    reason: Missing output files: annual_aqi_by_cbsa_2024.zip
    resources: tmpdir=/var/folders/py/yhh4x__x569fvjmc099x_25m0000gn/T
[Tue May  5 01:12:00 2026]
Finished jobid: 3 (Rule: download_aqi)
1 of 6 steps (17%) done
Select jobs to execute...
Execute 1 jobs...
[Tue May  5 01:12:00 2026]
localrule extract_aqi:
    input: annual_aqi_by_cbsa_2024.zip
    output: annual_aqi_by_cbsa_2024.csv
    jobid: 2
    reason: Missing output files: annual_aqi_by_cbsa_2024.csv; Input files updated by another job: annual_aqi_by_cbsa_2024.zip
    resources: tmpdir=/var/folders/py/yhh4x__x569fvjmc099x_25m0000gn/T
[Tue May  5 01:12:00 2026]
Finished jobid: 2 (Rule: extract_aqi)
2 of 6 steps (33%) done
Select jobs to execute...
Execute 1 jobs...
[Tue May  5 01:12:00 2026]
localrule verify:
    input: annual_aqi_by_cbsa_2024.csv, crime_cleaned.csv
    output: checksums_verified.txt
    jobid: 4
    reason: Missing output files: checksums_verified.txt; Input files updated by another job: annual_aqi_by_cbsa_2024.csv
    resources: tmpdir=/var/folders/py/yhh4x__x569fvjmc099x_25m0000gn/T
[Tue May  5 01:12:00 2026]
Finished jobid: 4 (Rule: verify)
3 of 6 steps (50%) done
Select jobs to execute...
Execute 1 jobs...
[Tue May  5 01:12:00 2026]
localrule merge:
    input: annual_aqi_by_cbsa_2024.csv, crime_cleaned.csv
    output: merged_aqi_crime.csv
    jobid: 1
    reason: Missing output files: merged_aqi_crime.csv; Input files updated by another job: annual_aqi_by_cbsa_2024.csv
    resources: tmpdir=/var/folders/py/yhh4x__x569fvjmc099x_25m0000gn/T
[Tue May  5 01:12:01 2026]
Finished jobid: 1 (Rule: merge)
4 of 6 steps (67%) done
Select jobs to execute...
Execute 1 jobs...
[Tue May  5 01:12:01 2026]
localrule analyze:
    input: merged_aqi_crime.csv
    output: analysis_output.txt, plot1_aqi_violent.png, plot2_aqi_property.png, plot3_quartiles.png, plot4_boxplot.png
    jobid: 5
    reason: Missing output files: analysis_output.txt; Input files updated by another job: merged_aqi_crime.csv
    resources: tmpdir=/var/folders/py/yhh4x__x569fvjmc099x_25m0000gn/T
RuleException:
CalledProcessError in file "/Users/sreejanallamala/Downloads/IS477---Project/Snakefile", line 70:
Command 'set -euo pipefail;  python3 analyze.py --merged merged_aqi_crime.csv' returned non-zero exit status 1.
[Tue May  5 01:12:04 2026]
Error in rule analyze:
    message: None
    jobid: 5
    input: merged_aqi_crime.csv
    output: analysis_output.txt, plot1_aqi_violent.png, plot2_aqi_property.png, plot3_quartiles.png, plot4_boxplot.png
    shell:
        python3 analyze.py --merged merged_aqi_crime.csv
        (command exited with non-zero exit code)
Shutting down, this might take some time.
Exiting because a job execution failed. Look below for error messages
[Tue May  5 01:12:04 2026]
Error in rule analyze:
    message: None
    jobid: 5
    input: merged_aqi_crime.csv
    output: analysis_output.txt, plot1_aqi_violent.png, plot2_aqi_property.png, plot3_quartiles.png, plot4_boxplot.png
    shell:
        python3 analyze.py --merged merged_aqi_crime.csv
        (command exited with non-zero exit code)
Complete log(s): /Users/sreejanallamala/Downloads/IS477---Project/.snakemake/log/2026-05-05T011157.794940.snakemake.log
WorkflowError:
At least one job did not complete successfully.
