Assuming unrestricted shared filesystem usage.
host: Sreejas-MacBook-Air-3.local
Building DAG of jobs...
Using shell: /bin/bash
Provided cores: 1 (use --cores to define parallelism)
Rules claiming more threads will be scaled down.
Job stats:
job        count
-------  -------
analyze        1
all            1
total          2

Select jobs to execute...
Execute 1 jobs...
[Tue May  5 01:48:05 2026]
localrule analyze:
    input: merged_aqi_crime.csv
    output: analysis_output.txt, plot1_aqi_violent.png, plot2_aqi_property.png, plot3_quartiles.png, plot4_boxplot.png
    jobid: 5
    reason: Missing output files: analysis_output.txt
    resources: tmpdir=/var/folders/py/yhh4x__x569fvjmc099x_25m0000gn/T
[Tue May  5 01:48:07 2026]
Finished jobid: 5 (Rule: analyze)
1 of 2 steps (50%) done
Select jobs to execute...
Execute 1 jobs...
[Tue May  5 01:48:07 2026]
localrule all:
    input: merged_aqi_crime.csv, checksums_verified.txt, analysis_output.txt
    jobid: 0
    reason: Input files updated by another job: analysis_output.txt
    resources: tmpdir=/var/folders/py/yhh4x__x569fvjmc099x_25m0000gn/T
[Tue May  5 01:48:07 2026]
Finished jobid: 0 (Rule: all)
2 of 2 steps (100%) done
Complete log(s): /Users/sreejanallamala/Downloads/IS477---Project/.snakemake/log/2026-05-05T014803.181788.snakemake.log
