Assuming unrestricted shared filesystem usage.
host: Sreejas-MacBook-Air-3.local
Building DAG of jobs...
Using shell: /bin/bash
Provided cores: 1 (use --cores to define parallelism)
Rules claiming more threads will be scaled down.
Job stats:
job             count
------------  -------
clean_crime         1
download_aqi        1
extract_aqi         1
merge               1
verify              1
analyze             1
all                 1
total               7

Select jobs to execute...
Execute 1 jobs...
[Tue May  5 20:44:57 2026]
localrule clean_crime:
    input: CIUS_Table_8_Offenses_Known_to_Law_Enforcement_by_State_by_City_2024.xlsx
    output: crime_cleaned.csv
    jobid: 4
    reason: Forced execution
    resources: tmpdir=/var/folders/py/yhh4x__x569fvjmc099x_25m0000gn/T
RuleException:
CalledProcessError in file "/Users/sreejanallamala/Downloads/IS477---Project/Snakefile", line 41:
Command 'set -euo pipefail;  python3 clean_crime.py --input CIUS_Table_8_Offenses_Known_to_Law_Enforcement_by_State_by_City_2024.xlsx --out crime_cleaned.csv' returned non-zero exit status 1.
[Tue May  5 20:44:57 2026]
Error in rule clean_crime:
    message: None
    jobid: 4
    input: CIUS_Table_8_Offenses_Known_to_Law_Enforcement_by_State_by_City_2024.xlsx
    output: crime_cleaned.csv
    shell:
        python3 clean_crime.py --input CIUS_Table_8_Offenses_Known_to_Law_Enforcement_by_State_by_City_2024.xlsx --out crime_cleaned.csv
        (command exited with non-zero exit code)
Shutting down, this might take some time.
Exiting because a job execution failed. Look below for error messages
[Tue May  5 20:44:57 2026]
Error in rule clean_crime:
    message: None
    jobid: 4
    input: CIUS_Table_8_Offenses_Known_to_Law_Enforcement_by_State_by_City_2024.xlsx
    output: crime_cleaned.csv
    shell:
        python3 clean_crime.py --input CIUS_Table_8_Offenses_Known_to_Law_Enforcement_by_State_by_City_2024.xlsx --out crime_cleaned.csv
        (command exited with non-zero exit code)
Complete log(s): /Users/sreejanallamala/Downloads/IS477---Project/.snakemake/log/2026-05-05T204455.152966.snakemake.log
WorkflowError:
At least one job did not complete successfully.
